// Jest Snapshot v1, https://goo.gl/fbAQLP

exports[`snapshot date formats 1`] = `
Object {
  "YYYY/MM/DD": "YYYY/MM/DD",
  "basic_date": "YYYYMMDD",
  "basic_date_time": "YYYYMMDDTHHmmss.SSSZ",
  "basic_date_time_no_millis": "YYYYMMDDTHHmmssZ",
  "basic_time": "HHmmss.SSSZ",
  "basic_time_no_millis": "HHmmssZ",
  "date": "YYYY-MM-DD",
  "date_hour_minute_second": "YYYY-MM-DDTHH:mm:ss",
  "date_time": "YYYY-MM-DDTHH:mm:ss.SSSZ",
  "date_time_no_millis": "YYYY-MM-DDTHH:mm:ss[Z]",
  "epoch_millis": "x",
  "epoch_second": "X",
  "strict_date_hour_minute_second": "YYYY-MM-DDTHH:mm:ss",
  "strict_date_optional_time": "YYYYMMDD",
}
`;
